// Jest Snapshot v1, https://goo.gl/fbAQLP

exports[`renders correctly 1`] = `
<div
  className="StreamersFeed"
>
  <a
    className="Streamer"
    href="/user_1"
    onClick={[Function]}
  >
    <div
      className="UserInfo"
    >
      <img
        className="UserInfo__avatarPipe"
        src="user-create-pipe.svg"
      />
      <img
        alt="N/A"
        className="UserInfo__avatar"
        src="https://images-cdn.9gag.com/photo/anbZVN0_700b.jpg"
      />
      <div
        className="UserInfo__rightColumn"
      >
        <h4
          className="UserInfo__login"
        >
          user_1
        </h4>
        <div
          className="UserInfo__details"
        >
          <div
            className="UserInfo__crumb"
          >
            <p
              className="UserInfo__crumb__text"
            >
              12 челленджей
            </p>
          </div>
        </div>
      </div>
    </div>
    <a
      className="Button Button_wide"
      href="/user_1/"
      id="Streamer__button"
      onClick={[Function]}
    >
      Перейти в профиль
    </a>
  </a>
  <a
    className="Streamer"
    href="/user_2"
    onClick={[Function]}
  >
    <div
      className="UserInfo"
    >
      <img
        className="UserInfo__avatarPipe"
        src="user-create-pipe.svg"
      />
      <img
        alt="N/A"
        className="UserInfo__avatar"
        src="https://images-cdn.9gag.com/photo/anbZVN0_700b.jpg"
      />
      <div
        className="UserInfo__rightColumn"
      >
        <h4
          className="UserInfo__login"
        >
          user_2
        </h4>
        <div
          className="UserInfo__details"
        >
          <div
            className="UserInfo__crumb"
          >
            <p
              className="UserInfo__crumb__text"
            >
              69 челленджей
            </p>
          </div>
        </div>
      </div>
    </div>
    <a
      className="Button Button_wide"
      href="/user_2/"
      id="Streamer__button"
      onClick={[Function]}
    >
      Перейти в профиль
    </a>
  </a>
  <a
    className="Streamer"
    href="/user_4"
    onClick={[Function]}
  >
    <div
      className="UserInfo"
    >
      <img
        className="UserInfo__avatarPipe"
        src="user-create-pipe.svg"
      />
      <img
        alt="N/A"
        className="UserInfo__avatar"
        src="https://images-cdn.9gag.com/photo/anbZVN0_700b.jpg"
      />
      <div
        className="UserInfo__rightColumn"
      >
        <h4
          className="UserInfo__login"
        >
          user_4
        </h4>
        <div
          className="UserInfo__details"
        >
          <div
            className="UserInfo__crumb"
          >
            <p
              className="UserInfo__crumb__text"
            >
              69 челленджей
            </p>
          </div>
        </div>
      </div>
    </div>
    <a
      className="Button Button_wide"
      href="/user_4/"
      id="Streamer__button"
      onClick={[Function]}
    >
      Перейти в профиль
    </a>
  </a>
  <a
    className="Streamer"
    href="/user_5"
    onClick={[Function]}
  >
    <div
      className="UserInfo"
    >
      <img
        className="UserInfo__avatarPipe"
        src="user-create-pipe.svg"
      />
      <img
        alt="N/A"
        className="UserInfo__avatar"
        src="https://images-cdn.9gag.com/photo/anbZVN0_700b.jpg"
      />
      <div
        className="UserInfo__rightColumn"
      >
        <h4
          className="UserInfo__login"
        >
          user_5
        </h4>
        <div
          className="UserInfo__details"
        >
          <div
            className="UserInfo__crumb"
          >
            <p
              className="UserInfo__crumb__text"
            >
              69 челленджей
            </p>
          </div>
        </div>
      </div>
    </div>
    <a
      className="Button Button_wide"
      href="/user_5/"
      id="Streamer__button"
      onClick={[Function]}
    >
      Перейти в профиль
    </a>
  </a>
  <a
    className="Streamer"
    href="/user_7"
    onClick={[Function]}
  >
    <div
      className="UserInfo"
    >
      <img
        className="UserInfo__avatarPipe"
        src="user-create-pipe.svg"
      />
      <img
        alt="N/A"
        className="UserInfo__avatar"
        src="https://images-cdn.9gag.com/photo/anbZVN0_700b.jpg"
      />
      <div
        className="UserInfo__rightColumn"
      >
        <h4
          className="UserInfo__login"
        >
          user_7
        </h4>
        <div
          className="UserInfo__details"
        >
          <div
            className="UserInfo__crumb"
          >
            <p
              className="UserInfo__crumb__text"
            >
              69 челленджей
            </p>
          </div>
        </div>
      </div>
    </div>
    <a
      className="Button Button_wide"
      href="/user_7/"
      id="Streamer__button"
      onClick={[Function]}
    >
      Перейти в профиль
    </a>
  </a>
  <a
    className="Streamer"
    href="/user_800"
    onClick={[Function]}
  >
    <div
      className="UserInfo"
    >
      <img
        className="UserInfo__avatarPipe"
        src="user-create-pipe.svg"
      />
      <img
        alt="N/A"
        className="UserInfo__avatar"
        src="https://images-cdn.9gag.com/photo/anbZVN0_700b.jpg"
      />
      <div
        className="UserInfo__rightColumn"
      >
        <h4
          className="UserInfo__login"
        >
          user_800
        </h4>
        <div
          className="UserInfo__details"
        >
          <div
            className="UserInfo__crumb"
          >
            <p
              className="UserInfo__crumb__text"
            >
              69 челленджей
            </p>
          </div>
        </div>
      </div>
    </div>
    <a
      className="Button Button_wide"
      href="/user_800/"
      id="Streamer__button"
      onClick={[Function]}
    >
      Перейти в профиль
    </a>
  </a>
  <a
    className="Streamer"
    href="/user_802"
    onClick={[Function]}
  >
    <div
      className="UserInfo"
    >
      <img
        className="UserInfo__avatarPipe"
        src="user-create-pipe.svg"
      />
      <img
        alt="N/A"
        className="UserInfo__avatar"
        src="https://images-cdn.9gag.com/photo/anbZVN0_700b.jpg"
      />
      <div
        className="UserInfo__rightColumn"
      >
        <h4
          className="UserInfo__login"
        >
          user_802
        </h4>
        <div
          className="UserInfo__details"
        >
          <div
            className="UserInfo__crumb"
          >
            <p
              className="UserInfo__crumb__text"
            >
              69 челленджей
            </p>
          </div>
        </div>
      </div>
    </div>
    <a
      className="Button Button_wide"
      href="/user_802/"
      id="Streamer__button"
      onClick={[Function]}
    >
      Перейти в профиль
    </a>
  </a>
  <a
    className="Streamer"
    href="/user_803"
    onClick={[Function]}
  >
    <div
      className="UserInfo"
    >
      <img
        className="UserInfo__avatarPipe"
        src="user-create-pipe.svg"
      />
      <img
        alt="N/A"
        className="UserInfo__avatar"
        src="https://images-cdn.9gag.com/photo/anbZVN0_700b.jpg"
      />
      <div
        className="UserInfo__rightColumn"
      >
        <h4
          className="UserInfo__login"
        >
          user_803
        </h4>
        <div
          className="UserInfo__details"
        >
          <div
            className="UserInfo__crumb"
          >
            <p
              className="UserInfo__crumb__text"
            >
              69 челленджей
            </p>
          </div>
        </div>
      </div>
    </div>
    <a
      className="Button Button_wide"
      href="/user_803/"
      id="Streamer__button"
      onClick={[Function]}
    >
      Перейти в профиль
    </a>
  </a>
  <a
    className="Streamer"
    href="/user_808"
    onClick={[Function]}
  >
    <div
      className="UserInfo"
    >
      <img
        className="UserInfo__avatarPipe"
        src="user-create-pipe.svg"
      />
      <img
        alt="N/A"
        className="UserInfo__avatar"
        src="https://images-cdn.9gag.com/photo/anbZVN0_700b.jpg"
      />
      <div
        className="UserInfo__rightColumn"
      >
        <h4
          className="UserInfo__login"
        >
          user_808
        </h4>
        <div
          className="UserInfo__details"
        >
          <div
            className="UserInfo__crumb"
          >
            <p
              className="UserInfo__crumb__text"
            >
              69 челленджей
            </p>
          </div>
        </div>
      </div>
    </div>
    <a
      className="Button Button_wide"
      href="/user_808/"
      id="Streamer__button"
      onClick={[Function]}
    >
      Перейти в профиль
    </a>
  </a>
  <a
    className="Streamer"
    href="/user_1000"
    onClick={[Function]}
  >
    <div
      className="UserInfo"
    >
      <img
        className="UserInfo__avatarPipe"
        src="user-create-pipe.svg"
      />
      <img
        alt="N/A"
        className="UserInfo__avatar"
        src="https://images-cdn.9gag.com/photo/anbZVN0_700b.jpg"
      />
      <div
        className="UserInfo__rightColumn"
      >
        <h4
          className="UserInfo__login"
        >
          user_1000
        </h4>
        <div
          className="UserInfo__details"
        >
          <div
            className="UserInfo__crumb"
          >
            <p
              className="UserInfo__crumb__text"
            >
              69 челленджей
            </p>
          </div>
        </div>
      </div>
    </div>
    <a
      className="Button Button_wide"
      href="/user_1000/"
      id="Streamer__button"
      onClick={[Function]}
    >
      Перейти в профиль
    </a>
  </a>
  <a
    className="Streamer"
    href="/user_810"
    onClick={[Function]}
  >
    <div
      className="UserInfo"
    >
      <img
        className="UserInfo__avatarPipe"
        src="user-create-pipe.svg"
      />
      <img
        alt="N/A"
        className="UserInfo__avatar"
        src="https://images-cdn.9gag.com/photo/anbZVN0_700b.jpg"
      />
      <div
        className="UserInfo__rightColumn"
      >
        <h4
          className="UserInfo__login"
        >
          user_810
        </h4>
        <div
          className="UserInfo__details"
        >
          <div
            className="UserInfo__crumb"
          >
            <p
              className="UserInfo__crumb__text"
            >
              69 челленджей
            </p>
          </div>
        </div>
      </div>
    </div>
    <a
      className="Button Button_wide"
      href="/user_810/"
      id="Streamer__button"
      onClick={[Function]}
    >
      Перейти в профиль
    </a>
  </a>
</div>
`;
