// Jest Snapshot v1, https://goo.gl/fbAQLP

exports[`should render not found page correctly 1`] = `
<div
  className="NotFound"
>
  <h2
    className="NotFound__header NotFound__header_main"
  >
    Такой урл нам пока не завезли 🤷‍♂️
  </h2>
  <br />
  <br />
  <h3
    className="NotFound__header"
  >
    Предлагаем передохнуть немного и вдохновиться идеями для будущих челленджей:
  </h3>
  <ul
    className="NotFound__list"
  >
    <li
      className="NotFound__item"
    >
      <a
        href="https://www.youtube.com/watch?v=dQw4w9WgXcQ"
        target="_blank"
      >
        Как в Малайзии испытывают мальчиков в 16 лет
      </a>
    </li>
    <li
      className="NotFound__item"
    >
      <a
        href="https://www.youtube.com/watch?v=dQw4w9WgXcQ"
        target="_blank"
      >
        Фанатка PewDiePie придумала в честь него танец
      </a>
    </li>
    <li
      className="NotFound__item"
    >
      <a
        href="https://www.youtube.com/watch?v=dQw4w9WgXcQ"
        target="_blank"
      >
        В Риге провели ТВ-викторину со стримерами
      </a>
    </li>
  </ul>
</div>
`;
