// Jest Snapshot v1, https://goo.gl/fbAQLP

exports[`renders correctly 1`] = `
<div
  className="TransactionsFeed"
>
  <div
    className="Transaction"
  >
    <div
      className="Transaction__body"
    >
      <h4
        className="Transaction__title"
      >
        Some challenge
      </h4>
      <div
        className="Transaction__info"
      >
        <div
          className="Transaction__amount"
        >
          200
           ₽
        </div>
        <div
          className="Transaction__crumbs"
        >
          <div
            className="Transaction__crumb"
          >
            <span
              className="Transaction__crumbLabel"
            >
              тип:
            </span>
             
            донат
          </div>
          <div
            className="Transaction__crumb"
          >
            <span
              className="Transaction__crumbLabel"
            >
              обновлено:
            </span>
             
          </div>
        </div>
      </div>
    </div>
    <img
      className="Transaction__status"
      src="completed.svg"
    />
  </div>
  <div
    className="Transaction"
  >
    <div
      className="Transaction__body"
    >
      <h4
        className="Transaction__title"
      >
        Some challenge 2
      </h4>
      <div
        className="Transaction__info"
      >
        <div
          className="Transaction__amount"
        >
          -200
           ₽
        </div>
        <div
          className="Transaction__crumbs"
        >
          <div
            className="Transaction__crumb"
          >
            <span
              className="Transaction__crumbLabel"
            >
              тип:
            </span>
             
            донат
          </div>
          <div
            className="Transaction__crumb"
          >
            <span
              className="Transaction__crumbLabel"
            >
              обновлено:
            </span>
             
            2020-02-29T22:18:14.964294
          </div>
        </div>
      </div>
    </div>
    <img
      className="Transaction__status"
      src="pending.svg"
    />
  </div>
  <div
    className="Transaction"
  >
    <div
      className="Transaction__body"
    >
      <h4
        className="Transaction__title"
      >
        Some challenge 3
      </h4>
      <div
        className="Transaction__info"
      >
        <div
          className="Transaction__amount"
        >
          1000
           ₽
        </div>
        <div
          className="Transaction__crumbs"
        >
          <div
            className="Transaction__crumb"
          >
            <span
              className="Transaction__crumbLabel"
            >
              тип:
            </span>
             
            возврат
          </div>
          <div
            className="Transaction__crumb"
          >
            <span
              className="Transaction__crumbLabel"
            >
              обновлено:
            </span>
             
            2020-02-29T22:18:14.964319
          </div>
        </div>
      </div>
    </div>
    <img
      className="Transaction__status"
      src="completed.svg"
    />
  </div>
  <div
    className="Transaction"
  >
    <div
      className="Transaction__body"
    >
      <h4
        className="Transaction__title"
      >
        Some challenge 4
      </h4>
      <div
        className="Transaction__info"
      >
        <div
          className="Transaction__amount"
        >
          1000
           ₽
        </div>
        <div
          className="Transaction__crumbs"
        >
          <div
            className="Transaction__crumb"
          >
            <span
              className="Transaction__crumbLabel"
            >
              тип:
            </span>
             
            возврат
          </div>
          <div
            className="Transaction__crumb"
          >
            <span
              className="Transaction__crumbLabel"
            >
              обновлено:
            </span>
             
            2020-02-29T22:18:14.964326
          </div>
        </div>
      </div>
    </div>
    <img
      className="Transaction__status"
      src="pending.svg"
    />
  </div>
  <div
    className="Transaction"
  >
    <div
      className="Transaction__body"
    >
      <h4
        className="Transaction__title"
      >
        Some challenge 5
      </h4>
      <div
        className="Transaction__info"
      >
        <div
          className="Transaction__amount"
        >
          10000
           ₽
        </div>
        <div
          className="Transaction__crumbs"
        >
          <div
            className="Transaction__crumb"
          >
            <span
              className="Transaction__crumbLabel"
            >
              тип:
            </span>
             
            возврат
          </div>
          <div
            className="Transaction__crumb"
          >
            <span
              className="Transaction__crumbLabel"
            >
              обновлено:
            </span>
             
            2020-02-29T22:18:14.964334
          </div>
        </div>
      </div>
    </div>
    <img
      className="Transaction__status"
      src="rejected.svg"
    />
  </div>
  <div
    className="Transaction"
  >
    <div
      className="Transaction__body"
    >
      <h4
        className="Transaction__title"
      >
        Some challenge 2
      </h4>
      <div
        className="Transaction__info"
      >
        <div
          className="Transaction__amount"
        >
          10500
           ₽
        </div>
        <div
          className="Transaction__crumbs"
        >
          <div
            className="Transaction__crumb"
          >
            <span
              className="Transaction__crumbLabel"
            >
              тип:
            </span>
             
            донат
          </div>
          <div
            className="Transaction__crumb"
          >
            <span
              className="Transaction__crumbLabel"
            >
              обновлено:
            </span>
             
            2020-02-29T22:18:14.96431
          </div>
        </div>
      </div>
    </div>
    <img
      className="Transaction__status"
      src="rejected.svg"
    />
  </div>
  <div
    className="Transaction"
  >
    <div
      className="Transaction__body"
    >
      <h4
        className="Transaction__title"
      >
        Some challenge 2
      </h4>
      <div
        className="Transaction__info"
      >
        <div
          className="Transaction__amount"
        >
          10500
           ₽
        </div>
        <div
          className="Transaction__crumbs"
        >
          <div
            className="Transaction__crumb"
          >
            <span
              className="Transaction__crumbLabel"
            >
              тип:
            </span>
             
            выплата
          </div>
          <div
            className="Transaction__crumb"
          >
            <span
              className="Transaction__crumbLabel"
            >
              обновлено:
            </span>
             
            2020-02-29T22:18:14.96431
          </div>
        </div>
      </div>
    </div>
    <img
      className="Transaction__status"
      src="pending.svg"
    />
  </div>
  <div
    className="Transaction"
  >
    <div
      className="Transaction__body"
    >
      <h4
        className="Transaction__title"
      >
        Some challenge 2
      </h4>
      <div
        className="Transaction__info"
      >
        <div
          className="Transaction__amount"
        >
          10500
           ₽
        </div>
        <div
          className="Transaction__crumbs"
        >
          <div
            className="Transaction__crumb"
          >
            <span
              className="Transaction__crumbLabel"
            >
              тип:
            </span>
             
            выплата
          </div>
          <div
            className="Transaction__crumb"
          >
            <span
              className="Transaction__crumbLabel"
            >
              обновлено:
            </span>
             
            2020-02-29T22:18:14.96431
          </div>
        </div>
      </div>
    </div>
    <img
      className="Transaction__status"
      src="rejected.svg"
    />
  </div>
  <div
    className="Transaction"
  >
    <div
      className="Transaction__body"
    >
      <h4
        className="Transaction__title"
      >
        Some challenge 2
      </h4>
      <div
        className="Transaction__info"
      >
        <div
          className="Transaction__amount"
        >
          10500
           ₽
        </div>
        <div
          className="Transaction__crumbs"
        >
          <div
            className="Transaction__crumb"
          >
            <span
              className="Transaction__crumbLabel"
            >
              тип:
            </span>
             
            выплата
          </div>
          <div
            className="Transaction__crumb"
          >
            <span
              className="Transaction__crumbLabel"
            >
              обновлено:
            </span>
             
            2020-02-29T22:18:14.96431
          </div>
        </div>
      </div>
    </div>
    <img
      className="Transaction__status"
      src="completed.svg"
    />
  </div>
</div>
`;
